C51 COMPILER V9.02   MAIN                                                                  04/07/2015 21:48:09 PAGE 1   


C51 COMPILER V9.02, COMPILATION OF MODULE MAIN
OBJECT MODULE PLACED IN .\OUT\main.obj
COMPILER INVOKED BY: C:\Keil\C51\BIN\C51.EXE main.c BROWSE DEBUG OBJECTEXTEND PRINT(.\LIST\main.lst) OBJECT(.\OUT\main.o
                    -bj)

line level    source

   1          
   2          
   3          #include "config.h"
   4          
   5          #include "stdio.h"
   6          #include "main.h"
   7          #include "Monitor.h"
   8          
   9                  /*
  10                  #define BUF_MAX         20
  11                  static  DATA BYTE       RS_buf[BUF_MAX];
  12                  static  DATA BYTE   RS_in, RS_out;
  13                  bit             RS_Xbusy=0;                     // bit RS_Xbusy=0;
  14                  */
  15          
  16                  /*
  17                  * @brief This function initialize UART @9600 baud for 11.0592MHz XTAL.
  18                  *
  19                  *
  20                  * @warning 11.0592MHz XTAL required
  21                  *
  22                  *
  23                  */
  24          void io_init(void)
  25          {
  26   1              TMOD |= 0x20;                           // Timer 1 Mode 2: 8-bit auto-reload Timer/Counter (TL1).(1)Reloaded from TH1 at overflo
             -w.
  27   1              TH1 = 0xFA;                                     // 9600 bauds at 11.0592 MHz
  28   1              TL1 = TH1; 
  29   1              TCON |= 0x40;                           // Set to turn on Timer/Counter 1.   
  30   1              SCON |= 0x50;                           // Set to enable serial reception. 8-bit UART Variable
  31   1              PCON |= SMOD_;                          // SMOD0 Set to select double baud rate in mode 1, 2 or 3.
  32   1              TI=1;                                           // Set by hardware at the end of the 8th bit time in mode 0 or at the beginning of the 
  33   1                                                                      // stop bit in the other modes.
  34   1      }
  35          
  36          void main (void) large
  37          {
  38   1              io_init();                                      // Initialize UART
  39   1      
  40   1              ES=1;                   // Enable UART
  41   1      
  42   1              printf("\n ATMEL AT89S51 ");                    // Welcome message 
  43   1              printf("\n   Monitor \n\n");
  44   1      
  45   1      
  46   1              while (1)
  47   1                      {
  48   2                      #ifdef DBG_monitor
  49   2                      while( RS_ready() )
  50   2                              {
  51   3                              Monitor();                              // for new monitor functions?           
  52   3                              }
  53   2                      #endif  // end DBG_monitor
C51 COMPILER V9.02   MAIN                                                                  04/07/2015 21:48:09 PAGE 2   

  54   2                      }
  55   1      }
  56          
  57          


MODULE INFORMATION:   STATIC OVERLAYABLE
   CODE SIZE        =     55    ----
   CONSTANT SIZE    =     32    ----
   XDATA SIZE       =   ----    ----
   PDATA SIZE       =   ----    ----
   DATA SIZE        =   ----    ----
   IDATA SIZE       =   ----    ----
   BIT SIZE         =   ----    ----
END OF MODULE INFORMATION.


C51 COMPILATION COMPLETE.  0 WARNING(S),  0 ERROR(S)
