BL51 BANKED LINKER/LOCATER V6.22                                                        04/07/2015  21:48:09  PAGE 1


BL51 BANKED LINKER/LOCATER V6.22, INVOKED BY:
C:\KEIL\C51\BIN\BL51.EXE .\OUT\main.obj, .\OUT\monitor.obj TO .\OUT\test_uart PRINT (.\LIST\test_uart.m51)


MEMORY MODEL: SMALL


INPUT MODULES INCLUDED:
  .\OUT\main.obj (MAIN)
  .\OUT\monitor.obj (MONITOR)
  C:\KEIL\C51\LIB\C51S.LIB (?C_STARTUP)
  C:\KEIL\C51\LIB\C51S.LIB (?C?COPY)
  C:\KEIL\C51\LIB\C51S.LIB (?C?CSTOPTR)
  C:\KEIL\C51\LIB\C51S.LIB (PRINTF)
  C:\KEIL\C51\LIB\C51S.LIB (GETCHAR)
  C:\KEIL\C51\LIB\C51S.LIB (STRNCMP)
  C:\KEIL\C51\LIB\C51S.LIB (?C?CLDPTR)
  C:\KEIL\C51\LIB\C51S.LIB (?C?CLDOPTR)
  C:\KEIL\C51\LIB\C51S.LIB (?C?CSTPTR)
  C:\KEIL\C51\LIB\C51S.LIB (?C?PLDIIDATA)
  C:\KEIL\C51\LIB\C51S.LIB (?C?CCASE)
  C:\KEIL\C51\LIB\C51S.LIB (PUTCHAR)
  C:\KEIL\C51\LIB\C51S.LIB (_GETKEY)


LINK MAP OF MODULE:  .\OUT\test_uart (MAIN)


            TYPE    BASE      LENGTH    RELOCATION   SEGMENT NAME
            -----------------------------------------------------

            * * * * * * *   D A T A   M E M O R Y   * * * * * * *
            REG     0000H     0008H     ABSOLUTE     "REG BANK 0"
            DATA    0008H     0014H     UNIT         _DATA_GROUP_
            DATA    001CH     0001H     UNIT         ?DT?GETCHAR
                    001DH     0003H                  *** GAP ***
            BIT     0020H.0   0001H.1   UNIT         _BIT_GROUP_
            BIT     0021H.1   0000H.1   UNIT         ?BI?MONITOR
            BIT     0021H.2   0000H.1   UNIT         ?BI?GETCHAR
                    0021H.3   0000H.5                *** GAP ***
            IDATA   0022H     0001H     UNIT         ?STACK

            * * * * * * *  X D A T A   M E M O R Y  * * * * * * *
            XDATA   0000H     0035H     UNIT         _XDATA_GROUP_

            * * * * * * *   C O D E   M E M O R Y   * * * * * * *
            CODE    0000H     0003H     ABSOLUTE     
            CODE    0003H     035CH     UNIT         ?PR?PRINTF?PRINTF
            CODE    035FH     0235H     UNIT         ?CO?MONITOR
            CODE    0594H     01B0H     UNIT         ?PR?CLEAN_SCREEN?MONITOR
            CODE    0744H     01A6H     UNIT         ?C?LIB_CODE
            CODE    08EAH     013CH     UNIT         ?PR?MONITOR?MONITOR
            CODE    0A26H     00D7H     UNIT         ?PR?_GETLINE?MONITOR
            CODE    0AFDH     006FH     UNIT         ?PR?_STRNCMP?STRNCMP
            CODE    0B6CH     0051H     UNIT         ?PR?MONHELP?MONITOR
            CODE    0BBDH     0027H     UNIT         ?PR?PUTCHAR?PUTCHAR
            CODE    0BE4H     0022H     UNIT         ?PR?MAIN?MAIN
            CODE    0C06H     0020H     UNIT         ?CO?MAIN
BL51 BANKED LINKER/LOCATER V6.22                                                      04/07/2015  21:48:09  PAGE 2


            CODE    0C26H     0015H     UNIT         ?PR?IO_INIT?MAIN
            CODE    0C3BH     0011H     UNIT         ?PR?GETCHAR?GETCHAR
            CODE    0C4CH     000CH     UNIT         ?C_C51STARTUP
            CODE    0C58H     000AH     UNIT         ?PR?_GETKEY?_GETKEY
            CODE    0C62H     0006H     UNIT         ?PR?RS_READY?MONITOR



OVERLAY MAP OF MODULE:   .\OUT\test_uart (MAIN)


SEGMENT                             BIT_GROUP          DATA_GROUP          XDATA_GROUP
  +--> CALLED SEGMENT            START    LENGTH     START    LENGTH     START    LENGTH
----------------------------------------------------------------------------------------
?C_C51STARTUP                    -----    -----      -----    -----      -----    -----
  +--> ?PR?MAIN?MAIN

?PR?MAIN?MAIN                    -----    -----      -----    -----      -----    -----
  +--> ?PR?IO_INIT?MAIN
  +--> ?CO?MAIN
  +--> ?PR?PRINTF?PRINTF
  +--> ?PR?RS_READY?MONITOR
  +--> ?PR?MONITOR?MONITOR

?PR?PRINTF?PRINTF                0020H.0  0001H.1    0008H    0014H      -----    -----
  +--> ?PR?PUTCHAR?PUTCHAR

?PR?MONITOR?MONITOR              -----    -----      -----    -----      0000H    002CH
  +--> ?CO?MONITOR
  +--> ?PR?PRINTF?PRINTF
  +--> ?PR?_GETLINE?MONITOR
  +--> ?PR?_STRNCMP?STRNCMP
  +--> ?PR?CLEAN_SCREEN?MONITOR
  +--> ?PR?MONHELP?MONITOR

?PR?_GETLINE?MONITOR             -----    -----      -----    -----      002CH    0009H
  +--> ?PR?GETCHAR?GETCHAR

?PR?GETCHAR?GETCHAR              -----    -----      -----    -----      -----    -----
  +--> ?PR?_GETKEY?_GETKEY
  +--> ?PR?PUTCHAR?PUTCHAR

?PR?_STRNCMP?STRNCMP             -----    -----      0008H    0008H      -----    -----

?PR?CLEAN_SCREEN?MONITOR         -----    -----      -----    -----      -----    -----
  +--> ?CO?MONITOR
  +--> ?PR?PRINTF?PRINTF

?PR?MONHELP?MONITOR              -----    -----      -----    -----      -----    -----
  +--> ?CO?MONITOR
  +--> ?PR?PRINTF?PRINTF



SYMBOL TABLE OF MODULE:  .\OUT\test_uart (MAIN)

  VALUE           TYPE          NAME
BL51 BANKED LINKER/LOCATER V6.22                                                      04/07/2015  21:48:09  PAGE 3


  ----------------------------------

  -------         MODULE        MAIN
  C:0000H         SYMBOL        _ICE_DUMMY_
  B:00A8H.4       PUBLIC        ES
  B:0098H.1       PUBLIC        TI
  C:0BE4H         PUBLIC        main
  D:0087H         PUBLIC        PCON
  D:0098H         PUBLIC        SCON
  D:0089H         PUBLIC        TMOD
  D:0088H         PUBLIC        TCON
  D:008DH         PUBLIC        TH1
  D:008BH         PUBLIC        TL1
  C:0C26H         PUBLIC        io_init
  -------         PROC          IO_INIT
  C:0C26H         LINE#         24
  C:0C26H         LINE#         25
  C:0C26H         LINE#         26
  C:0C29H         LINE#         27
  C:0C2CH         LINE#         28
  C:0C2FH         LINE#         29
  C:0C32H         LINE#         30
  C:0C35H         LINE#         31
  C:0C38H         LINE#         32
  C:0C3AH         LINE#         34
  -------         ENDPROC       IO_INIT
  -------         PROC          MAIN
  C:0BE4H         LINE#         36
  C:0BE4H         LINE#         38
  C:0BE7H         LINE#         40
  C:0BE9H         LINE#         42
  C:0BF2H         LINE#         43
  C:0BFBH         LINE#         46
  C:0BFBH         LINE#         47
  C:0BFBH         LINE#         49
  C:0C01H         LINE#         50
  C:0C01H         LINE#         51
  C:0C04H         LINE#         52
  -------         ENDPROC       MAIN
  -------         ENDMOD        MAIN

  -------         MODULE        MONITOR
  C:0000H         SYMBOL        _ICE_DUMMY_
  B:0098H.0       PUBLIC        RI
  C:0C62H         PUBLIC        RS_ready
  C:0B6CH         PUBLIC        MonHelp
  B:0021H.1       PUBLIC        f_access
  C:0568H         SYMBOL        _?ix1000
  C:057EH         SYMBOL        _?ix1001
  C:0594H         PUBLIC        clean_screen
  C:08EAH         PUBLIC        Monitor
  C:0A26H         PUBLIC        _getline
  -------         PROC          CLEAN_SCREEN
  C:0594H         LINE#         19
  C:0594H         LINE#         21
  C:059DH         LINE#         22
  C:05A6H         LINE#         23
BL51 BANKED LINKER/LOCATER V6.22                                                      04/07/2015  21:48:09  PAGE 4


  C:05AFH         LINE#         24
  C:05B8H         LINE#         25
  C:05C1H         LINE#         26
  C:05CAH         LINE#         27
  C:05D3H         LINE#         28
  C:05DCH         LINE#         29
  C:05E5H         LINE#         30
  C:05EEH         LINE#         31
  C:05F7H         LINE#         32
  C:0600H         LINE#         33
  C:0609H         LINE#         34
  C:0612H         LINE#         35
  C:061BH         LINE#         36
  C:0624H         LINE#         37
  C:062DH         LINE#         38
  C:0636H         LINE#         39
  C:063FH         LINE#         40
  C:0648H         LINE#         41
  C:0651H         LINE#         42
  C:065AH         LINE#         43
  C:0663H         LINE#         44
  C:066CH         LINE#         45
  C:0675H         LINE#         46
  C:067EH         LINE#         47
  C:0687H         LINE#         48
  C:0690H         LINE#         49
  C:0699H         LINE#         50
  C:06A2H         LINE#         51
  C:06ABH         LINE#         52
  C:06B4H         LINE#         53
  C:06BDH         LINE#         54
  C:06C6H         LINE#         55
  C:06CFH         LINE#         56
  C:06D8H         LINE#         57
  C:06E1H         LINE#         58
  C:06EAH         LINE#         59
  C:06F3H         LINE#         60
  C:06FCH         LINE#         61
  C:0705H         LINE#         62
  C:070EH         LINE#         63
  C:0717H         LINE#         64
  C:0720H         LINE#         65
  C:0729H         LINE#         66
  C:0732H         LINE#         67
  C:073BH         LINE#         68
  -------         ENDPROC       CLEAN_SCREEN
  -------         PROC          MONHELP
  C:0B6CH         LINE#         74
  C:0B6CH         LINE#         76
  C:0B75H         LINE#         77
  C:0B7EH         LINE#         78
  C:0B87H         LINE#         86
  C:0B90H         LINE#         87
  C:0B99H         LINE#         89
  C:0BA2H         LINE#         108
  C:0BABH         LINE#         109
  C:0BB4H         LINE#         110
BL51 BANKED LINKER/LOCATER V6.22                                                      04/07/2015  21:48:09  PAGE 5


  -------         ENDPROC       MONHELP
  -------         PROC          _GETLINE
  X:002CH         SYMBOL        s
  X:002FH         SYMBOL        N
  -------         DO            
  X:0031H         SYMBOL        c
  X:0033H         SYMBOL        i
  -------         ENDDO         
  C:0A26H         LINE#         145
  C:0A37H         LINE#         149
  C:0A82H         LINE#         150
  C:0AACH         LINE#         151
  C:0AB9H         LINE#         152
  C:0AD3H         LINE#         153
  C:0AE1H         LINE#         154
  C:0AE1H         LINE#         155
  C:0AFCH         LINE#         156
  C:0AFCH         LINE#         157
  -------         ENDPROC       _GETLINE
  -------         PROC          RS_READY
  C:0C62H         LINE#         162
  C:0C62H         LINE#         164
  C:0C67H         LINE#         165
  -------         ENDPROC       RS_READY
  -------         PROC          MONITOR
  -------         DO            
  X:0000H         SYMBOL        ch_buf
  X:0016H         SYMBOL        ch_data
  D:0006H         SYMBOL        num
  -------         ENDDO         
  C:08EAH         LINE#         167
  C:08EAH         LINE#         169
  C:0910H         LINE#         173
  C:0919H         LINE#         174
  C:0926H         LINE#         175
  C:0942H         LINE#         179
  C:0978H         LINE#         180
  C:097BH         LINE#         181
  C:09B1H         LINE#         182
  C:09B1H         LINE#         183
  C:09B4H         LINE#         184
  C:09B4H         LINE#         185
  C:09B6H         LINE#         186
  C:09BCH         LINE#         187
  C:09BEH         LINE#         189
  C:09BEH         LINE#         190
  C:09C0H         LINE#         191
  C:09C6H         LINE#         192
  C:09C6H         LINE#         193
  C:09C8H         LINE#         219
  C:0A19H         LINE#         220
  C:0A19H         LINE#         221
  C:0A1CH         LINE#         222
  C:0A1CH         LINE#         287
  C:0A1CH         LINE#         288
  C:0A25H         LINE#         289
  C:0A25H         LINE#         291
BL51 BANKED LINKER/LOCATER V6.22                                                      04/07/2015  21:48:09  PAGE 6


  -------         ENDPROC       MONITOR
  -------         ENDMOD        MONITOR

  -------         MODULE        ?C?COPY
  C:0814H         PUBLIC        ?C?COPY
  -------         ENDMOD        ?C?COPY

  -------         MODULE        ?C?CSTOPTR
  C:083AH         PUBLIC        ?C?CSTOPTR
  -------         ENDMOD        ?C?CSTOPTR

  -------         MODULE        PRINTF
  D:0008H         PUBLIC        ?_PRINTF517?BYTE
  D:0008H         PUBLIC        ?_PRINTF?BYTE
  D:0008H         PUBLIC        ?_SPRINTF517?BYTE
  D:0008H         PUBLIC        ?_SPRINTF?BYTE
  C:0065H         PUBLIC        _PRINTF
  C:0065H         PUBLIC        _PRINTF517
  C:005FH         PUBLIC        _SPRINTF
  C:005FH         PUBLIC        _SPRINTF517
  -------         ENDMOD        PRINTF

  -------         MODULE        GETCHAR
  B:0021H.2       PUBLIC        ?C?CHARLOADED
  D:001CH         PUBLIC        ?_UNGETCHAR?BYTE
  C:0C3BH         PUBLIC        GETCHAR
  -------         ENDMOD        GETCHAR

  -------         MODULE        STRNCMP
  D:0008H         PUBLIC        ?_strncmp?BYTE
  C:0AFDH         PUBLIC        _strncmp
  -------         ENDMOD        STRNCMP

  -------         MODULE        ?C?CLDPTR
  C:085CH         PUBLIC        ?C?CLDPTR
  -------         ENDMOD        ?C?CLDPTR

  -------         MODULE        ?C?CLDOPTR
  C:0875H         PUBLIC        ?C?CLDOPTR
  -------         ENDMOD        ?C?CLDOPTR

  -------         MODULE        ?C?CSTPTR
  C:08A2H         PUBLIC        ?C?CSTPTR
  -------         ENDMOD        ?C?CSTPTR

  -------         MODULE        ?C?PLDIIDATA
  C:08B4H         PUBLIC        ?C?PLDIIDATA
  -------         ENDMOD        ?C?PLDIIDATA

  -------         MODULE        ?C?CCASE
  C:08C4H         PUBLIC        ?C?CCASE
  -------         ENDMOD        ?C?CCASE

  -------         MODULE        PUTCHAR
  C:0BBDH         PUBLIC        _PUTCHAR
  -------         ENDMOD        PUTCHAR

BL51 BANKED LINKER/LOCATER V6.22                                                      04/07/2015  21:48:09  PAGE 7


  -------         MODULE        _GETKEY
  C:0C58H         PUBLIC        _GETKEY
  -------         ENDMOD        _GETKEY

Program Size: data=31.3 xdata=53 code=3176
LINK/LOCATE RUN COMPLETE.  0 WARNING(S),  0 ERROR(S)
