BL51 BANKED LINKER/LOCATER V6.00                                                        04/16/2011  22:19:28  PAGE 1


BL51 BANKED LINKER/LOCATER V6.00, INVOKED BY:
C:\KEIL_8\C51\BIN\BL51.EXE .\OUT\main.obj, .\OUT\monitor.obj TO .\OUT\test PRINT (.\LIST\test.m51)


MEMORY MODEL: SMALL


INPUT MODULES INCLUDED:
  .\OUT\main.obj (MAIN)
  .\OUT\monitor.obj (MONITOR)
  C:\KEIL_8\C51\LIB\C51S.LIB (?C_STARTUP)
  C:\KEIL_8\C51\LIB\C51S.LIB (?C?CLDPTR)
  C:\KEIL_8\C51\LIB\C51S.LIB (?C?CSTOPTR)
  C:\KEIL_8\C51\LIB\C51S.LIB (PRINTF)
  C:\KEIL_8\C51\LIB\C51S.LIB (GETCHAR)
  C:\KEIL_8\C51\LIB\C51S.LIB (STRNCMP)
  C:\KEIL_8\C51\LIB\C51S.LIB (?C?CLDOPTR)
  C:\KEIL_8\C51\LIB\C51S.LIB (?C?CSTPTR)
  C:\KEIL_8\C51\LIB\C51S.LIB (?C?PLDIIDATA)
  C:\KEIL_8\C51\LIB\C51S.LIB (?C?CCASE)
  C:\KEIL_8\C51\LIB\C51S.LIB (PUTCHAR)
  C:\KEIL_8\C51\LIB\C51S.LIB (_GETKEY)


LINK MAP OF MODULE:  .\OUT\test (MAIN)


            TYPE    BASE      LENGTH    RELOCATION   SEGMENT NAME
            -----------------------------------------------------

            * * * * * * *   D A T A   M E M O R Y   * * * * * * *
            REG     0000H     0008H     ABSOLUTE     "REG BANK 0"
            DATA    0008H     0014H     UNIT         _DATA_GROUP_
            DATA    001CH     0001H     UNIT         ?DT?GETCHAR
                    001DH     0003H                  *** GAP ***
            BIT     0020H.0   0001H.1   UNIT         _BIT_GROUP_
            BIT     0021H.1   0000H.1   UNIT         ?BI?MONITOR
            BIT     0021H.2   0000H.1   UNIT         ?BI?GETCHAR
                    0021H.3   0000H.5                *** GAP ***
            IDATA   0022H     0001H     UNIT         ?STACK

            * * * * * * *  X D A T A   M E M O R Y  * * * * * * *
            XDATA   0000H     0018H     UNIT         _XDATA_GROUP_

            * * * * * * *   C O D E   M E M O R Y   * * * * * * *
            CODE    0000H     0003H     ABSOLUTE     
            CODE    0003H     0532H     UNIT         ?CO?MONITOR
            CODE    0535H     035CH     UNIT         ?PR?PRINTF?PRINTF
            CODE    0891H     01B0H     UNIT         ?PR?CLEAN_SCREEN?MONITOR
            CODE    0A41H     0175H     UNIT         ?PR?MONITOR?MONITOR
            CODE    0BB6H     00B4H     UNIT         ?PR?MONHELP?MONITOR
            CODE    0C6AH     00B0H     UNIT         ?C?LIB_CODE
            CODE    0D1AH     009EH     UNIT         ?PR?_GETLINE?MONITOR
            CODE    0DB8H     0063H     UNIT         ?PR?_STRNCMP?STRNCMP
            CODE    0E1BH     0039H     UNIT         ?PR?_ASC2BIN?MONITOR
            CODE    0E54H     0034H     UNIT         ?CO?MAIN
            CODE    0E88H     0033H     UNIT         ?PR?_ASC1BIN?MONITOR
            CODE    0EBBH     002BH     UNIT         ?PR?MAIN?MAIN
BL51 BANKED LINKER/LOCATER V6.00                                                      04/16/2011  22:19:28  PAGE 2


            CODE    0EE6H     0027H     UNIT         ?PR?PUTCHAR?PUTCHAR
            CODE    0F0DH     0015H     UNIT         ?PR?IO_INIT?MAIN
            CODE    0F22H     0011H     UNIT         ?PR?GETCHAR?GETCHAR
            CODE    0F33H     000CH     UNIT         ?C_C51STARTUP
            CODE    0F3FH     000AH     UNIT         ?PR?_GETKEY?_GETKEY
            CODE    0F49H     0006H     UNIT         ?PR?RS_READY?MONITOR



OVERLAY MAP OF MODULE:   .\OUT\test (MAIN)


SEGMENT                             BIT_GROUP          DATA_GROUP          XDATA_GROUP
  +--> CALLED SEGMENT            START    LENGTH     START    LENGTH     START    LENGTH
----------------------------------------------------------------------------------------
?C_C51STARTUP                    -----    -----      -----    -----      -----    -----
  +--> ?PR?MAIN?MAIN

?PR?MAIN?MAIN                    -----    -----      -----    -----      -----    -----
  +--> ?PR?IO_INIT?MAIN
  +--> ?CO?MAIN
  +--> ?PR?PRINTF?PRINTF
  +--> ?PR?RS_READY?MONITOR
  +--> ?PR?MONITOR?MONITOR

?PR?PRINTF?PRINTF                0020H.0  0001H.1    0008H    0014H      -----    -----
  +--> ?PR?PUTCHAR?PUTCHAR

?PR?MONITOR?MONITOR              -----    -----      -----    -----      0000H    0018H
  +--> ?CO?MONITOR
  +--> ?PR?PRINTF?PRINTF
  +--> ?PR?_GETLINE?MONITOR
  +--> ?PR?_STRNCMP?STRNCMP
  +--> ?PR?CLEAN_SCREEN?MONITOR
  +--> ?PR?_ASC2BIN?MONITOR
  +--> ?PR?MONHELP?MONITOR

?PR?_GETLINE?MONITOR             -----    -----      0008H    0009H      -----    -----
  +--> ?PR?GETCHAR?GETCHAR

?PR?GETCHAR?GETCHAR              -----    -----      -----    -----      -----    -----
  +--> ?PR?_GETKEY?_GETKEY
  +--> ?PR?PUTCHAR?PUTCHAR

?PR?_STRNCMP?STRNCMP             -----    -----      0008H    0008H      -----    -----

?PR?CLEAN_SCREEN?MONITOR         -----    -----      -----    -----      -----    -----
  +--> ?CO?MONITOR
  +--> ?PR?PRINTF?PRINTF

?PR?_ASC2BIN?MONITOR             -----    -----      -----    -----      -----    -----
  +--> ?PR?_ASC1BIN?MONITOR

?PR?MONHELP?MONITOR              -----    -----      -----    -----      -----    -----
  +--> ?CO?MONITOR
  +--> ?PR?PRINTF?PRINTF

BL51 BANKED LINKER/LOCATER V6.00                                                      04/16/2011  22:19:28  PAGE 3




SYMBOL TABLE OF MODULE:  .\OUT\test (MAIN)

  VALUE           TYPE          NAME
  ----------------------------------

  -------         MODULE        MAIN
  C:0000H         SYMBOL        _ICE_DUMMY_
  B:00A8H.7       PUBLIC        EA
  B:0098H.1       PUBLIC        TI
  C:0EBBH         PUBLIC        main
  D:0087H         PUBLIC        PCON
  D:0098H         PUBLIC        SCON
  D:0089H         PUBLIC        TMOD
  D:0088H         PUBLIC        TCON
  D:008DH         PUBLIC        TH1
  D:008BH         PUBLIC        TL1
  C:0F0DH         PUBLIC        io_init
  -------         PROC          IO_INIT
  C:0F0DH         LINE#         23
  C:0F0DH         LINE#         24
  C:0F0DH         LINE#         25
  C:0F10H         LINE#         26
  C:0F13H         LINE#         27
  C:0F16H         LINE#         28
  C:0F19H         LINE#         29
  C:0F1CH         LINE#         30
  C:0F1FH         LINE#         31
  C:0F21H         LINE#         33
  -------         ENDPROC       IO_INIT
  -------         PROC          MAIN
  C:0EBBH         LINE#         36
  C:0EBBH         LINE#         37
  C:0EBBH         LINE#         39
  C:0EBEH         LINE#         41
  C:0EC7H         LINE#         42
  C:0ED0H         LINE#         44
  C:0ED2H         LINE#         47
  C:0ED2H         LINE#         48
  C:0ED2H         LINE#         52
  C:0ED8H         LINE#         53
  C:0ED8H         LINE#         54
  C:0EE1H         LINE#         55
  C:0EE4H         LINE#         56
  -------         ENDPROC       MAIN
  -------         ENDMOD        MAIN

  -------         MODULE        MONITOR
  C:0000H         SYMBOL        _ICE_DUMMY_
  B:0098H.0       PUBLIC        RI
  C:0F49H         PUBLIC        RS_ready
  C:0BB6H         PUBLIC        MonHelp
  B:0021H.1       PUBLIC        f_access
  C:0E88H         PUBLIC        _Asc1Bin
  C:0E1BH         PUBLIC        _Asc2Bin
  C:0D24H         PUBLIC        _getline
BL51 BANKED LINKER/LOCATER V6.00                                                      04/16/2011  22:19:28  PAGE 4


  C:0891H         PUBLIC        clean_screen
  C:0A41H         PUBLIC        Monitor
  -------         PROC          CLEAN_SCREEN
  C:0891H         LINE#         20
  C:0891H         LINE#         21
  C:0891H         LINE#         22
  C:089AH         LINE#         23
  C:08A3H         LINE#         24
  C:08ACH         LINE#         25
  C:08B5H         LINE#         26
  C:08BEH         LINE#         27
  C:08C7H         LINE#         28
  C:08D0H         LINE#         29
  C:08D9H         LINE#         30
  C:08E2H         LINE#         31
  C:08EBH         LINE#         32
  C:08F4H         LINE#         33
  C:08FDH         LINE#         34
  C:0906H         LINE#         35
  C:090FH         LINE#         36
  C:0918H         LINE#         37
  C:0921H         LINE#         38
  C:092AH         LINE#         39
  C:0933H         LINE#         40
  C:093CH         LINE#         41
  C:0945H         LINE#         42
  C:094EH         LINE#         43
  C:0957H         LINE#         44
  C:0960H         LINE#         45
  C:0969H         LINE#         46
  C:0972H         LINE#         47
  C:097BH         LINE#         48
  C:0984H         LINE#         49
  C:098DH         LINE#         50
  C:0996H         LINE#         51
  C:099FH         LINE#         52
  C:09A8H         LINE#         53
  C:09B1H         LINE#         54
  C:09BAH         LINE#         55
  C:09C3H         LINE#         56
  C:09CCH         LINE#         57
  C:09D5H         LINE#         58
  C:09DEH         LINE#         59
  C:09E7H         LINE#         60
  C:09F0H         LINE#         61
  C:09F9H         LINE#         62
  C:0A02H         LINE#         63
  C:0A0BH         LINE#         64
  C:0A14H         LINE#         65
  C:0A1DH         LINE#         66
  C:0A26H         LINE#         67
  C:0A2FH         LINE#         68
  C:0A38H         LINE#         69
  -------         ENDPROC       CLEAN_SCREEN
  -------         PROC          MONHELP
  C:0BB6H         LINE#         75
  C:0BB6H         LINE#         76
BL51 BANKED LINKER/LOCATER V6.00                                                      04/16/2011  22:19:28  PAGE 5


  C:0BB6H         LINE#         77
  C:0BBFH         LINE#         78
  C:0BC8H         LINE#         79
  C:0BD1H         LINE#         87
  C:0BDAH         LINE#         88
  C:0BE3H         LINE#         89
  C:0BECH         LINE#         90
  C:0BF5H         LINE#         91
  C:0BFEH         LINE#         92
  C:0C07H         LINE#         93
  C:0C10H         LINE#         94
  C:0C19H         LINE#         95
  C:0C22H         LINE#         96
  C:0C2BH         LINE#         98
  C:0C34H         LINE#         99
  C:0C3DH         LINE#         100
  C:0C46H         LINE#         101
  C:0C4FH         LINE#         110
  C:0C58H         LINE#         111
  C:0C61H         LINE#         112
  -------         ENDPROC       MONHELP
  -------         PROC          _ASC1BIN
  D:0007H         SYMBOL        asc
  C:0E88H         LINE#         115
  C:0E88H         LINE#         116
  C:0E88H         LINE#         117
  C:0E99H         LINE#         118
  C:0EAAH         LINE#         119
  C:0EBAH         LINE#         120
  -------         ENDPROC       _ASC1BIN
  -------         PROC          _ASC2BIN
  D:0001H         SYMBOL        s
  -------         DO            
  D:0004H         SYMBOL        bin
  -------         ENDDO         
  C:0E1BH         LINE#         122
  C:0E1BH         LINE#         123
  C:0E1BH         LINE#         126
  C:0E1EH         LINE#         127
  C:0E2DH         LINE#         128
  C:0E3BH         LINE#         129
  C:0E48H         LINE#         130
  C:0E4FH         LINE#         131
  C:0E51H         LINE#         132
  C:0E53H         LINE#         133
  -------         ENDPROC       _ASC2BIN
  -------         PROC          L?0037
  -------         ENDPROC       L?0037
  -------         PROC          _GETLINE
  D:0008H         SYMBOL        s
  D:000BH         SYMBOL        N
  -------         DO            
  D:000DH         SYMBOL        c
  D:000FH         SYMBOL        i
  -------         ENDDO         
  C:0D24H         LINE#         138
  C:0D2EH         LINE#         141
BL51 BANKED LINKER/LOCATER V6.00                                                      04/16/2011  22:19:28  PAGE 6


  C:0D68H         LINE#         142
  C:0D82H         LINE#         143
  C:0D8AH         LINE#         144
  C:0D9BH         LINE#         145
  C:0DA3H         LINE#         146
  C:0DA3H         LINE#         147
  C:0DB3H         LINE#         148
  C:0DB7H         LINE#         149
  -------         ENDPROC       _GETLINE
  -------         PROC          RS_READY
  C:0F49H         LINE#         154
  C:0F49H         LINE#         155
  C:0F49H         LINE#         156
  C:0F4EH         LINE#         157
  -------         ENDPROC       RS_READY
  -------         PROC          MONITOR
  -------         DO            
  X:0000H         SYMBOL        ch_buf
  X:0016H         SYMBOL        num
  -------         ENDDO         
  C:0A41H         LINE#         159
  C:0A41H         LINE#         160
  C:0A41H         LINE#         165
  C:0A4AH         LINE#         166
  C:0A55H         LINE#         167
  C:0A70H         LINE#         171
  C:0AA6H         LINE#         172
  C:0AA9H         LINE#         173
  C:0AA9H         LINE#         174
  C:0ADFH         LINE#         175
  C:0AE2H         LINE#         176
  C:0AE2H         LINE#         177
  C:0AE4H         LINE#         178
  C:0AEAH         LINE#         179
  C:0AEDH         LINE#         181
  C:0AEDH         LINE#         182
  C:0AEFH         LINE#         183
  C:0AF5H         LINE#         184
  C:0AF5H         LINE#         185
  C:0AF8H         LINE#         190
  C:0B2EH         LINE#         191
  C:0B37H         LINE#         192
  C:0B42H         LINE#         193
  C:0B56H         LINE#         194
  C:0B58H         LINE#         206
  C:0BA9H         LINE#         207
  C:0BACH         LINE#         208
  C:0BACH         LINE#         266
  C:0BACH         LINE#         267
  C:0BB5H         LINE#         268
  C:0BB5H         LINE#         270
  -------         ENDPROC       MONITOR
  -------         ENDMOD        MONITOR

  -------         MODULE        ?C?CLDPTR
  C:0C6AH         PUBLIC        ?C?CLDPTR
  -------         ENDMOD        ?C?CLDPTR
BL51 BANKED LINKER/LOCATER V6.00                                                      04/16/2011  22:19:28  PAGE 7



  -------         MODULE        ?C?CSTOPTR
  C:0C83H         PUBLIC        ?C?CSTOPTR
  -------         ENDMOD        ?C?CSTOPTR

  -------         MODULE        PRINTF
  D:0008H         PUBLIC        ?_PRINTF517?BYTE
  D:0008H         PUBLIC        ?_PRINTF?BYTE
  D:0008H         PUBLIC        ?_SPRINTF517?BYTE
  D:0008H         PUBLIC        ?_SPRINTF?BYTE
  C:0597H         PUBLIC        _PRINTF
  C:0597H         PUBLIC        _PRINTF517
  C:0591H         PUBLIC        _SPRINTF
  C:0591H         PUBLIC        _SPRINTF517
  -------         ENDMOD        PRINTF

  -------         MODULE        GETCHAR
  B:0021H.2       PUBLIC        ?C?CHARLOADED
  D:001CH         PUBLIC        ?_UNGETCHAR?BYTE
  C:0F22H         PUBLIC        GETCHAR
  -------         ENDMOD        GETCHAR

  -------         MODULE        STRNCMP
  D:0008H         PUBLIC        ?_strncmp?BYTE
  C:0DB8H         PUBLIC        _strncmp
  -------         ENDMOD        STRNCMP

  -------         MODULE        ?C?CLDOPTR
  C:0CA5H         PUBLIC        ?C?CLDOPTR
  -------         ENDMOD        ?C?CLDOPTR

  -------         MODULE        ?C?CSTPTR
  C:0CD2H         PUBLIC        ?C?CSTPTR
  -------         ENDMOD        ?C?CSTPTR

  -------         MODULE        ?C?PLDIIDATA
  C:0CE4H         PUBLIC        ?C?PLDIIDATA
  -------         ENDMOD        ?C?PLDIIDATA

  -------         MODULE        ?C?CCASE
  C:0CF4H         PUBLIC        ?C?CCASE
  -------         ENDMOD        ?C?CCASE

  -------         MODULE        PUTCHAR
  C:0EE6H         PUBLIC        _PUTCHAR
  -------         ENDMOD        PUTCHAR

  -------         MODULE        _GETKEY
  C:0F3FH         PUBLIC        _GETKEY
  -------         ENDMOD        _GETKEY

Program Size: data=31.3 xdata=24 code=3919
LINK/LOCATE RUN COMPLETE.  0 WARNING(S),  0 ERROR(S)
